// Jest Snapshot v1, https://goo.gl/fbAQLP

exports[`button component should compare the component with a snapshot 1`] = `
<button
  className="sc-bdVaJa cdOaBd"
>
  Test
</button>
`;
